******************************************************************************
             TMS320C2000 Linker PC v22.6.0                     
******************************************************************************
>> Linked Tue Nov 18 12:29:26 2025

OUTPUT FILE NAME:   <../part4_implement_starter.out>
ENTRY POINT SYMBOL: "_c_int00"  address: 00083efd


MEMORY CONFIGURATION

         name            origin    length      used     unused   attr    fill
----------------------  --------  ---------  --------  --------  ----  --------
PAGE 0:
  BEGIN                 00000000   00000002  00000000  00000002  RWIX
  RAMLS_PROG            00008000   00002000  000000ab  00001f55  RWIX
  BEGIN_FLASH           00080000   00000002  00000002  00000000  RWIX
  FLASHA_N              00080002   0003fffe  000045b7  0003ba47  RWIX
  RESET                 003fffc0   00000002  00000000  00000002  RWIX

PAGE 1:
  BOOT_RSVD             00000002   00000120  00000000  00000120  RWIX
  RAMM0M1               00000122   000006de  00000400  000002de  RWIX
  ADCARESULT            00000b00   00000018  00000018  00000000  RWIX
  ADCBRESULT            00000b20   00000018  00000018  00000000  RWIX
  ADCCRESULT            00000b40   00000018  00000018  00000000  RWIX
  ADCDRESULT            00000b60   00000018  00000018  00000000  RWIX
  CPU_TIMER0            00000c00   00000008  00000008  00000000  RWIX
  CPU_TIMER1            00000c08   00000008  00000008  00000000  RWIX
  CPU_TIMER2            00000c10   00000008  00000008  00000000  RWIX
  PIE_CTRL              00000ce0   00000020  0000001a  00000006  RWIX
  PIE_VECT              00000d00   00000200  000001c0  00000040  RWIX
  DMA                   00001000   00000200  000000e0  00000120  RWIX
  CLA1                  00001400   00000040  0000003e  00000002  RWIX
  CLA1_MSGRAMLOW        00001480   00000080  00000000  00000080  RWIX
  CLA1_MSGRAMHIGH       00001500   00000080  00000000  00000080  RWIX
  CLB1LOGICCFG          00003000   00000052  0000003e  00000014  RWIX
  CLB1LOGICCTRL         00003100   00000040  00000040  00000000  RWIX
  CLB1DATAEXCH          00003200   00000200  00000108  000000f8  RWIX
  CLB2LOGICCFG          00003400   00000052  0000003e  00000014  RWIX
  CLB2LOGICCTRL         00003500   00000040  00000040  00000000  RWIX
  CLB2DATAEXCH          00003600   00000200  00000108  000000f8  RWIX
  CLB3LOGICCFG          00003800   00000052  0000003e  00000014  RWIX
  CLB3LOGICCTRL         00003900   00000040  00000040  00000000  RWIX
  CLB3DATAEXCH          00003a00   00000200  00000108  000000f8  RWIX
  CLB4LOGICCFG          00003c00   00000052  0000003e  00000014  RWIX
  CLB4LOGICCTRL         00003d00   00000040  00000040  00000000  RWIX
  CLB4DATAEXCH          00003e00   00000200  00000108  000000f8  RWIX
  EPWM1                 00004000   00000100  00000100  00000000  RWIX
  EPWM2                 00004100   00000100  00000100  00000000  RWIX
  EPWM3                 00004200   00000100  00000100  00000000  RWIX
  EPWM4                 00004300   00000100  00000100  00000000  RWIX
  EPWM5                 00004400   00000100  00000100  00000000  RWIX
  EPWM6                 00004500   00000100  00000100  00000000  RWIX
  EPWM7                 00004600   00000100  00000100  00000000  RWIX
  EPWM8                 00004700   00000100  00000100  00000000  RWIX
  EPWM9                 00004800   00000100  00000100  00000000  RWIX
  EPWM10                00004900   00000100  00000100  00000000  RWIX
  EPWM11                00004a00   00000100  00000100  00000000  RWIX
  EPWM12                00004b00   00000100  00000100  00000000  RWIX
  ECAP1                 00005000   00000020  0000001a  00000006  RWIX
  ECAP2                 00005020   00000020  0000001a  00000006  RWIX
  ECAP3                 00005040   00000020  0000001a  00000006  RWIX
  ECAP4                 00005060   00000020  0000001a  00000006  RWIX
  ECAP5                 00005080   00000020  0000001a  00000006  RWIX
  ECAP6                 000050a0   00000020  0000001a  00000006  RWIX
  EQEP1                 00005100   00000040  00000022  0000001e  RWIX
  EQEP2                 00005140   00000040  00000022  0000001e  RWIX
  EQEP3                 00005180   00000040  00000022  0000001e  RWIX
  DACA                  00005c00   00000010  00000007  00000009  RWIX
  DACB                  00005c10   00000010  00000007  00000009  RWIX
  DACC                  00005c20   00000010  00000007  00000009  RWIX
  CMPSS1                00005c80   00000020  0000001b  00000005  RWIX
  CMPSS2                00005ca0   00000020  0000001b  00000005  RWIX
  CMPSS3                00005cc0   00000020  0000001b  00000005  RWIX
  CMPSS4                00005ce0   00000020  0000001b  00000005  RWIX
  CMPSS5                00005d00   00000020  0000001b  00000005  RWIX
  CMPSS6                00005d20   00000020  0000001b  00000005  RWIX
  CMPSS7                00005d40   00000020  0000001b  00000005  RWIX
  CMPSS8                00005d60   00000020  0000001b  00000005  RWIX
  SDFM1                 00005e00   00000080  00000048  00000038  RWIX
  SDFM2                 00005e80   00000080  00000048  00000038  RWIX
  MCBSPA                00006000   00000040  00000024  0000001c  RWIX
  MCBSPB                00006040   00000040  00000024  0000001c  RWIX
  SPIA                  00006100   00000010  00000010  00000000  RWIX
  SPIB                  00006110   00000010  00000010  00000000  RWIX
  SPIC                  00006120   00000010  00000010  00000000  RWIX
  SPID                  00006130   00000010  00000000  00000010  RWIX
  UPP                   00006200   00000100  00000048  000000b8  RWIX
  WD                    00007000   00000040  0000002b  00000015  RWIX
  NMIINTRUPT            00007060   00000010  00000007  00000009  RWIX
  XINT                  00007070   00000010  0000000b  00000005  RWIX
  SCIA                  00007200   00000010  00000010  00000000  RWIX
  SCIB                  00007210   00000010  00000010  00000000  RWIX
  SCIC                  00007220   00000010  00000010  00000000  RWIX
  SCID                  00007230   00000010  00000010  00000000  RWIX
  I2CA                  00007300   00000040  00000022  0000001e  RWIX
  I2CB                  00007340   00000040  00000022  0000001e  RWIX
  ADCA                  00007400   00000080  0000007c  00000004  RWIX
  ADCB                  00007480   00000080  0000007c  00000004  RWIX
  ADCC                  00007500   00000080  0000007c  00000004  RWIX
  ADCD                  00007580   00000080  0000007c  00000004  RWIX
  INPUT_XBAR            00007900   00000020  00000020  00000000  RWIX
  XBAR                  00007920   00000020  0000000e  00000012  RWIX
  SYNC_SOC              00007940   00000010  00000006  0000000a  RWIX
  DMACLASRCSEL          00007980   00000040  0000001a  00000026  RWIX
  EPWM_XBAR             00007a00   00000040  00000040  00000000  RWIX
  CLB_XBAR              00007a40   00000040  00000040  00000000  RWIX
  OUTPUT_XBAR           00007a80   00000040  00000040  00000000  RWIX
  GPIOCTRL              00007c00   00000180  00000180  00000000  RWIX
  GPIODAT               00007f00   00000030  00000030  00000000  RWIX
  RAMLS_DATA            0000a000   00001000  00000000  00001000  RWIX
  RAMD0D1               0000b000   00001000  00000000  00001000  RWIX
  RAMGS_IPCBuffCPU1     0000c000   00001000  00000000  00001000  RWIX
  RAMGS_IPCBuffCPU2     0000d000   00001000  00000000  00001000  RWIX
  RAMGS_DATA            0000e000   00007000  000002cc  00006d34  RWIX
  CPU2TOCPU1RAM         0003f800   00000400  00000000  00000400  RWIX
  CPU1TOCPU2RAM         0003fc00   00000400  00000000  00000400  RWIX
  EMIF1                 00047000   00000800  00000028  000007d8  RWIX
  EMIF2                 00047800   00000800  00000028  000007d8  RWIX
  CANA                  00048000   00000200  00000164  0000009c  RWIX
  CANB                  0004a000   00000200  00000164  0000009c  RWIX
  IPC                   00050000   00000024  00000024  00000000  RWIX
  FLASHPUMPSEMAPHORE    00050024   00000002  00000002  00000000  RWIX
  DEV_CFG               0005d000   00000180  0000012e  00000052  RWIX
  ANALOG_SUBSYS         0005d180   00000080  0000003e  00000042  RWIX
  CLK_CFG               0005d200   00000100  00000032  000000ce  RWIX
  CPU_SYS               0005d300   00000100  00000082  0000007e  RWIX
  ROMPREFETCH           0005e608   00000002  00000002  00000000  RWIX
  DCSM_Z1               0005f000   00000030  00000022  0000000e  RWIX
  DCSM_Z2               0005f040   00000030  00000022  0000000e  RWIX
  DCSM_COMMON           0005f070   00000010  00000006  0000000a  RWIX
  MEMCFG                0005f400   00000080  00000076  0000000a  RWIX
  EMIF1CONFIG           0005f480   00000020  0000000a  00000016  RWIX
  EMIF2CONFIG           0005f4a0   00000020  0000000a  00000016  RWIX
  ACCESSPROTECTION      0005f4c0   00000040  0000002e  00000012  RWIX
  MEMORYERROR           0005f500   00000040  0000003a  00000006  RWIX
  ROMWAITSTATE          0005f540   00000002  00000002  00000000  RWIX
  FLASH0_CTRL           0005f800   00000300  00000182  0000017e  RWIX
  FLASH0_ECC            0005fb00   00000040  00000028  00000018  RWIX
  UID                   000703c0   00000010  00000010  00000000  RWIX
  DCSM_Z1_OTP           00078000   00000020  00000000  00000020  RWIX
  DCSM_Z2_OTP           00078200   00000020  00000000  00000020  RWIX


SECTION ALLOCATION MAP

 output                                  attributes/
section   page    origin      length       input sections
--------  ----  ----------  ----------   ----------------
codestart 
*          0    00080000    00000002     
                  00080000    00000002     F2837xD_CodeStartBranch.obj (codestart)

.text      0    00080070    000040a8     
                  00080070    00000c2a     xcp_daq.obj (.text)
                  00080c9a    00000585     F2837xD_DefaultISR.obj (.text:retain)
                  0008121f    000004aa     F2837xD_SysCtrl.obj (.text)
                  000816c9    0000049c     part4_implement_starter.obj (.text)
                  00081b65    000003bd     xcp.obj (.text)
                  00081f22    00000369     xcp_mem_default.obj (.text)
                  0008228b    000002ea     xcp_transport.obj (.text)
                  00082575    000002da     F2837xD_Ipc_Driver_Lite.obj (.text)
                  0008284f    0000029b     c2837xDBoard_Realtime_Support.obj (.text)
                  00082aea    00000244     F2837xD_Gpio.obj (.text)
                  00082d2e    0000022a     xcp_standard.obj (.text)
                  00082f58    00000212     xcp_frame_serial.obj (.text)
                  0008316a    000001af     xcp_ext_classic_trigger.obj (.text)
                  00083319    00000197     xcp_ext_common.obj (.text)
                  000834b0    0000016f     xcp_ext_mode.obj (.text)
                  0008361f    00000168     xcp_drv_rtiostream.obj (.text)
                  00083787    00000151     rtiostream_serial_c28x.obj (.text)
                  000838d8    000000f0     c2837xDBoard_Realtime_Support.obj (.text:retain)
                  000839c8    000000d4     xcp_calibration.obj (.text)
                  00083a9c    000000ba     ert_main.obj (.text)
                  00083b56    000000b9     datamodify_xcp.obj (.text)
                  00083c0f    000000aa     MW_c28xx_board.obj (.text)
                  00083cb9    0000009c     MW_c28xx_qep.obj (.text)
                  00083d55    0000007c     F2837xD_CpuTimers.obj (.text)
                  00083dd1    0000006f     c2837xDSchedulerTimer0.obj (.text)
                  00083e40    0000005f     xcp_fifo.obj (.text)
                  00083e9f    0000005e     rt_zcfcn.obj (.text)
                  00083efd    00000056     rts2800_fpu32.lib : boot28.asm.obj (.text)
                  00083f53    00000044     c2837xDSchedulerTimer0.obj (.text:retain)
                  00083f97    00000031     MW_c28xGPIO.obj (.text)
                  00083fc8    00000029     rts2800_fpu32.lib : exit.c.obj (.text)
                  00083ff1    00000028     F2837xD_PieCtrl.obj (.text)
                  00084019    00000028     MW_c28xx_pwm.obj (.text)
                  00084041    00000026     F2837xD_PieVect.obj (.text)
                  00084067    00000024     rts2800_fpu32.lib : cpy_tbl.c.obj (.text)
                  0008408b    0000001f     xcp_ext_param_default_serial.obj (.text)
                  000840aa    0000001d     rts2800_fpu32.lib : memcpy.c.obj (.text)
                  000840c7    00000012     MW_c28xGlobalInterrupts.obj (.text)
                  000840d9    00000012     rts2800_fpu32.lib : args_main.c.obj (.text)
                  000840eb    0000000b                       : u_div28.asm.obj (.text)
                  000840f6    00000009                       : _lock.c.obj (.text)
                  000840ff    00000008     F2837xD_CodeStartBranch.obj (.text)
                  00084107    00000007     memcpy_fast.obj (.text)
                  0008410e    00000007     rts2800_fpu32.lib : memset.c.obj (.text)
                  00084115    00000002                       : pre_init.c.obj (.text)
                  00084117    00000001                       : startup.c.obj (.text)

.cinit     0    000843b8    000001a6     
                  000843b8    0000005b     xcp_ext_classic_trigger.obj (.cinit)
                  00084413    00000053     xcp_ext_common.obj (.cinit)
                  00084466    0000004b     part4_implement_starter_data.obj (.cinit)
                  000844b1    0000001e     xcp_daq.obj (.cinit)
                  000844cf    00000014     xcp.obj (.cinit)
                  000844e3    00000014     xcp_frame_serial.obj (.cinit)
                  000844f7    0000000f     c2837xDBoard_Realtime_Support.obj (.cinit)
                  00084506    0000000f     xcp_standard.obj (.cinit)
                  00084515    0000000e     rts2800_fpu32.lib : exit.c.obj (.cinit)
                  00084523    00000008     ert_main.obj (.cinit)
                  0008452b    00000008     xcp_drv_rtiostream.obj (.cinit)
                  00084533    00000008     xcp_transport.obj (.cinit)
                  0008453b    00000005     rts2800_fpu32.lib : _lock.c.obj (.cinit:__lock)
                  00084540    00000005                       : _lock.c.obj (.cinit:__unlock)
                  00084545    00000005     xcp_ext_common.obj (.cinit:_xcpCurrentSimulationTimeInTicks)
                  0008454a    00000005     rtiostream_serial_c28x.obj (.cinit)
                  0008454f    00000005     xcp_calibration.obj (.cinit)
                  00084554    00000004     MW_c28xGPIO.obj (.cinit)
                  00084558    00000004     MW_c28xGlobalInterrupts.obj (.cinit)
                  0008455c    00000002     --HOLE-- [fill = 0]

.switch    0    00084560    00000060     
                  00084560    00000024     c2837xDBoard_Realtime_Support.obj (.switch:_CPU02toCPU01IPC0IntHandler)
                  00084584    00000020     xcp.obj (.switch:_genericOutputPacketHandler)
                  000845a4    0000001c     c2837xDBoard_Realtime_Support.obj (.switch:_setInXBARForCPU2)

AdcaResultRegsFile 
*          1    00000b00    00000018     UNINITIALIZED
                  00000b00    00000018     F2837xD_GlobalVariableDefs.obj (AdcaResultRegsFile)

AdcbResultRegsFile 
*          1    00000b20    00000018     UNINITIALIZED
                  00000b20    00000018     F2837xD_GlobalVariableDefs.obj (AdcbResultRegsFile)

AdccResultRegsFile 
*          1    00000b40    00000018     UNINITIALIZED
                  00000b40    00000018     F2837xD_GlobalVariableDefs.obj (AdccResultRegsFile)

AdcdResultRegsFile 
*          1    00000b60    00000018     UNINITIALIZED
                  00000b60    00000018     F2837xD_GlobalVariableDefs.obj (AdcdResultRegsFile)

CpuTimer0RegsFile 
*          1    00000c00    00000008     UNINITIALIZED
                  00000c00    00000008     F2837xD_GlobalVariableDefs.obj (CpuTimer0RegsFile)

CpuTimer1RegsFile 
*          1    00000c08    00000008     UNINITIALIZED
                  00000c08    00000008     F2837xD_GlobalVariableDefs.obj (CpuTimer1RegsFile)

CpuTimer2RegsFile 
*          1    00000c10    00000008     UNINITIALIZED
                  00000c10    00000008     F2837xD_GlobalVariableDefs.obj (CpuTimer2RegsFile)

PieCtrlRegsFile 
*          1    00000ce0    0000001a     UNINITIALIZED
                  00000ce0    0000001a     F2837xD_GlobalVariableDefs.obj (PieCtrlRegsFile)

PieVectTableFile 
*          1    00000d00    000001c0     UNINITIALIZED
                  00000d00    000001c0     F2837xD_GlobalVariableDefs.obj (PieVectTableFile)

EmuKeyVar 
*          1    00000d00    00000000     UNINITIALIZED

EmuBModeVar 
*          1    00000d00    00000000     UNINITIALIZED

FlashCallbackVar 
*          1    00000d00    00000000     UNINITIALIZED

FlashScalingVar 
*          1    00000d00    00000000     UNINITIALIZED

Cla1RegsFile 
*          1    00001400    0000003e     UNINITIALIZED
                  00001400    0000003e     F2837xD_GlobalVariableDefs.obj (Cla1RegsFile)

Clb1LogicCfgRegsFile 
*          1    00003000    0000003e     UNINITIALIZED
                  00003000    0000003e     F2837xD_GlobalVariableDefs.obj (Clb1LogicCfgRegsFile)

Clb1LogicCtrlRegsFile 
*          1    00003100    00000040     UNINITIALIZED
                  00003100    00000040     F2837xD_GlobalVariableDefs.obj (Clb1LogicCtrlRegsFile)

Clb2LogicCfgRegsFile 
*          1    00003400    0000003e     UNINITIALIZED
                  00003400    0000003e     F2837xD_GlobalVariableDefs.obj (Clb2LogicCfgRegsFile)

Clb2LogicCtrlRegsFile 
*          1    00003500    00000040     UNINITIALIZED
                  00003500    00000040     F2837xD_GlobalVariableDefs.obj (Clb2LogicCtrlRegsFile)

Clb3LogicCfgRegsFile 
*          1    00003800    0000003e     UNINITIALIZED
                  00003800    0000003e     F2837xD_GlobalVariableDefs.obj (Clb3LogicCfgRegsFile)

Clb3LogicCtrlRegsFile 
*          1    00003900    00000040     UNINITIALIZED
                  00003900    00000040     F2837xD_GlobalVariableDefs.obj (Clb3LogicCtrlRegsFile)

Clb4LogicCfgRegsFile 
*          1    00003c00    0000003e     UNINITIALIZED
                  00003c00    0000003e     F2837xD_GlobalVariableDefs.obj (Clb4LogicCfgRegsFile)

Clb4LogicCtrlRegsFile 
*          1    00003d00    00000040     UNINITIALIZED
                  00003d00    00000040     F2837xD_GlobalVariableDefs.obj (Clb4LogicCtrlRegsFile)

EPwm1RegsFile 
*          1    00004000    00000100     UNINITIALIZED
                  00004000    00000100     F2837xD_GlobalVariableDefs.obj (EPwm1RegsFile)

EPwm2RegsFile 
*          1    00004100    00000100     UNINITIALIZED
                  00004100    00000100     F2837xD_GlobalVariableDefs.obj (EPwm2RegsFile)

EPwm3RegsFile 
*          1    00004200    00000100     UNINITIALIZED
                  00004200    00000100     F2837xD_GlobalVariableDefs.obj (EPwm3RegsFile)

EPwm4RegsFile 
*          1    00004300    00000100     UNINITIALIZED
                  00004300    00000100     F2837xD_GlobalVariableDefs.obj (EPwm4RegsFile)

EPwm5RegsFile 
*          1    00004400    00000100     UNINITIALIZED
                  00004400    00000100     F2837xD_GlobalVariableDefs.obj (EPwm5RegsFile)

EPwm6RegsFile 
*          1    00004500    00000100     UNINITIALIZED
                  00004500    00000100     F2837xD_GlobalVariableDefs.obj (EPwm6RegsFile)

EPwm7RegsFile 
*          1    00004600    00000100     UNINITIALIZED
                  00004600    00000100     F2837xD_GlobalVariableDefs.obj (EPwm7RegsFile)

EPwm8RegsFile 
*          1    00004700    00000100     UNINITIALIZED
                  00004700    00000100     F2837xD_GlobalVariableDefs.obj (EPwm8RegsFile)

EPwm9RegsFile 
*          1    00004800    00000100     UNINITIALIZED
                  00004800    00000100     F2837xD_GlobalVariableDefs.obj (EPwm9RegsFile)

EPwm10RegsFile 
*          1    00004900    00000100     UNINITIALIZED
                  00004900    00000100     F2837xD_GlobalVariableDefs.obj (EPwm10RegsFile)

EPwm11RegsFile 
*          1    00004a00    00000100     UNINITIALIZED
                  00004a00    00000100     F2837xD_GlobalVariableDefs.obj (EPwm11RegsFile)

EPwm12RegsFile 
*          1    00004b00    00000100     UNINITIALIZED
                  00004b00    00000100     F2837xD_GlobalVariableDefs.obj (EPwm12RegsFile)

ECap1RegsFile 
*          1    00005000    0000001a     UNINITIALIZED
                  00005000    0000001a     F2837xD_GlobalVariableDefs.obj (ECap1RegsFile)

ECap2RegsFile 
*          1    00005020    0000001a     UNINITIALIZED
                  00005020    0000001a     F2837xD_GlobalVariableDefs.obj (ECap2RegsFile)

ECap3RegsFile 
*          1    00005040    0000001a     UNINITIALIZED
                  00005040    0000001a     F2837xD_GlobalVariableDefs.obj (ECap3RegsFile)

ECap4RegsFile 
*          1    00005060    0000001a     UNINITIALIZED
                  00005060    0000001a     F2837xD_GlobalVariableDefs.obj (ECap4RegsFile)

ECap5RegsFile 
*          1    00005080    0000001a     UNINITIALIZED
                  00005080    0000001a     F2837xD_GlobalVariableDefs.obj (ECap5RegsFile)

ECap6RegsFile 
*          1    000050a0    0000001a     UNINITIALIZED
                  000050a0    0000001a     F2837xD_GlobalVariableDefs.obj (ECap6RegsFile)

EQep1RegsFile 
*          1    00005100    00000022     UNINITIALIZED
                  00005100    00000022     F2837xD_GlobalVariableDefs.obj (EQep1RegsFile)

EQep2RegsFile 
*          1    00005140    00000022     UNINITIALIZED
                  00005140    00000022     F2837xD_GlobalVariableDefs.obj (EQep2RegsFile)

EQep3RegsFile 
*          1    00005180    00000022     UNINITIALIZED
                  00005180    00000022     F2837xD_GlobalVariableDefs.obj (EQep3RegsFile)

DacaRegsFile 
*          1    00005c00    00000007     UNINITIALIZED
                  00005c00    00000007     F2837xD_GlobalVariableDefs.obj (DacaRegsFile)

DacbRegsFile 
*          1    00005c10    00000007     UNINITIALIZED
                  00005c10    00000007     F2837xD_GlobalVariableDefs.obj (DacbRegsFile)

DaccRegsFile 
*          1    00005c20    00000007     UNINITIALIZED
                  00005c20    00000007     F2837xD_GlobalVariableDefs.obj (DaccRegsFile)

Cmpss1RegsFile 
*          1    00005c80    0000001b     UNINITIALIZED
                  00005c80    0000001b     F2837xD_GlobalVariableDefs.obj (Cmpss1RegsFile)

Cmpss2RegsFile 
*          1    00005ca0    0000001b     UNINITIALIZED
                  00005ca0    0000001b     F2837xD_GlobalVariableDefs.obj (Cmpss2RegsFile)

Cmpss3RegsFile 
*          1    00005cc0    0000001b     UNINITIALIZED
                  00005cc0    0000001b     F2837xD_GlobalVariableDefs.obj (Cmpss3RegsFile)

Cmpss4RegsFile 
*          1    00005ce0    0000001b     UNINITIALIZED
                  00005ce0    0000001b     F2837xD_GlobalVariableDefs.obj (Cmpss4RegsFile)

Cmpss5RegsFile 
*          1    00005d00    0000001b     UNINITIALIZED
                  00005d00    0000001b     F2837xD_GlobalVariableDefs.obj (Cmpss5RegsFile)

Cmpss6RegsFile 
*          1    00005d20    0000001b     UNINITIALIZED
                  00005d20    0000001b     F2837xD_GlobalVariableDefs.obj (Cmpss6RegsFile)

Cmpss7RegsFile 
*          1    00005d40    0000001b     UNINITIALIZED
                  00005d40    0000001b     F2837xD_GlobalVariableDefs.obj (Cmpss7RegsFile)

Cmpss8RegsFile 
*          1    00005d60    0000001b     UNINITIALIZED
                  00005d60    0000001b     F2837xD_GlobalVariableDefs.obj (Cmpss8RegsFile)

I2caRegsFile 
*          1    00007300    00000022     UNINITIALIZED
                  00007300    00000022     F2837xD_GlobalVariableDefs.obj (I2caRegsFile)

I2cbRegsFile 
*          1    00007340    00000022     UNINITIALIZED
                  00007340    00000022     F2837xD_GlobalVariableDefs.obj (I2cbRegsFile)

AdcaRegsFile 
*          1    00007400    0000007c     UNINITIALIZED
                  00007400    0000007c     F2837xD_GlobalVariableDefs.obj (AdcaRegsFile)

AdcbRegsFile 
*          1    00007480    0000007c     UNINITIALIZED
                  00007480    0000007c     F2837xD_GlobalVariableDefs.obj (AdcbRegsFile)

AdccRegsFile 
*          1    00007500    0000007c     UNINITIALIZED
                  00007500    0000007c     F2837xD_GlobalVariableDefs.obj (AdccRegsFile)

AdcdRegsFile 
*          1    00007580    0000007c     UNINITIALIZED
                  00007580    0000007c     F2837xD_GlobalVariableDefs.obj (AdcdRegsFile)

CanaRegsFile 
*          1    00048000    00000164     UNINITIALIZED
                  00048000    00000164     F2837xD_GlobalVariableDefs.obj (CanaRegsFile)

CanbRegsFile 
*          1    0004a000    00000164     UNINITIALIZED
                  0004a000    00000164     F2837xD_GlobalVariableDefs.obj (CanbRegsFile)

AnalogSubsysRegsFile 
*          1    0005d180    0000003e     UNINITIALIZED
                  0005d180    0000003e     F2837xD_GlobalVariableDefs.obj (AnalogSubsysRegsFile)

Cla1SoftIntRegsFile 
*          1    00000ce0    00000000     DSECT

Clb1DataExchRegsFile 
*          1    00003200    00000108     UNINITIALIZED
                  00003200    00000108     F2837xD_GlobalVariableDefs.obj (Clb1DataExchRegsFile)

Clb2DataExchRegsFile 
*          1    00003600    00000108     UNINITIALIZED
                  00003600    00000108     F2837xD_GlobalVariableDefs.obj (Clb2DataExchRegsFile)

Clb3DataExchRegsFile 
*          1    00003a00    00000108     UNINITIALIZED
                  00003a00    00000108     F2837xD_GlobalVariableDefs.obj (Clb3DataExchRegsFile)

Clb4DataExchRegsFile 
*          1    00003e00    00000108     UNINITIALIZED
                  00003e00    00000108     F2837xD_GlobalVariableDefs.obj (Clb4DataExchRegsFile)

Sdfm1RegsFile 
*          1    00005e00    00000048     UNINITIALIZED
                  00005e00    00000048     F2837xD_GlobalVariableDefs.obj (Sdfm1RegsFile)

Sdfm2RegsFile 
*          1    00005e80    00000048     UNINITIALIZED
                  00005e80    00000048     F2837xD_GlobalVariableDefs.obj (Sdfm2RegsFile)

McbspaRegsFile 
*          1    00006000    00000024     UNINITIALIZED
                  00006000    00000024     F2837xD_GlobalVariableDefs.obj (McbspaRegsFile)

McbspbRegsFile 
*          1    00006040    00000024     UNINITIALIZED
                  00006040    00000024     F2837xD_GlobalVariableDefs.obj (McbspbRegsFile)

SpiaRegsFile 
*          1    00006100    00000010     UNINITIALIZED
                  00006100    00000010     F2837xD_GlobalVariableDefs.obj (SpiaRegsFile)

SpibRegsFile 
*          1    00006110    00000010     UNINITIALIZED
                  00006110    00000010     F2837xD_GlobalVariableDefs.obj (SpibRegsFile)

SpicRegsFile 
*          1    00006120    00000010     UNINITIALIZED
                  00006120    00000010     F2837xD_GlobalVariableDefs.obj (SpicRegsFile)

UppRegsFile 
*          1    00006200    00000048     UNINITIALIZED
                  00006200    00000048     F2837xD_GlobalVariableDefs.obj (UppRegsFile)

WdRegsFile 
*          1    00007000    0000002b     UNINITIALIZED
                  00007000    0000002b     F2837xD_GlobalVariableDefs.obj (WdRegsFile)

NmiIntruptRegsFile 
*          1    00007060    00000007     UNINITIALIZED
                  00007060    00000007     F2837xD_GlobalVariableDefs.obj (NmiIntruptRegsFile)

XintRegsFile 
*          1    00007070    0000000b     UNINITIALIZED
                  00007070    0000000b     F2837xD_GlobalVariableDefs.obj (XintRegsFile)

SciaRegsFile 
*          1    00007200    00000010     UNINITIALIZED
                  00007200    00000010     F2837xD_GlobalVariableDefs.obj (SciaRegsFile)

ScibRegsFile 
*          1    00007210    00000010     UNINITIALIZED
                  00007210    00000010     F2837xD_GlobalVariableDefs.obj (ScibRegsFile)

ScicRegsFile 
*          1    00007220    00000010     UNINITIALIZED
                  00007220    00000010     F2837xD_GlobalVariableDefs.obj (ScicRegsFile)

ScidRegsFile 
*          1    00007230    00000010     UNINITIALIZED
                  00007230    00000010     F2837xD_GlobalVariableDefs.obj (ScidRegsFile)

InputXbarRegsFile 
*          1    00007900    00000020     UNINITIALIZED
                  00007900    00000020     F2837xD_GlobalVariableDefs.obj (InputXbarRegsFile)

XbarRegsFile 
*          1    00007920    0000000e     UNINITIALIZED
                  00007920    0000000e     F2837xD_GlobalVariableDefs.obj (XbarRegsFile)

SyncSocRegsFile 
*          1    00007940    00000006     UNINITIALIZED
                  00007940    00000006     F2837xD_GlobalVariableDefs.obj (SyncSocRegsFile)

EPwmXbarRegsFile 
*          1    00007a00    00000040     UNINITIALIZED
                  00007a00    00000040     F2837xD_GlobalVariableDefs.obj (EPwmXbarRegsFile)

ClbXbarRegsFile 
*          1    00007a40    00000040     UNINITIALIZED
                  00007a40    00000040     F2837xD_GlobalVariableDefs.obj (ClbXbarRegsFile)

OutputXbarRegsFile 
*          1    00007a80    00000040     UNINITIALIZED
                  00007a80    00000040     F2837xD_GlobalVariableDefs.obj (OutputXbarRegsFile)

GpioCtrlRegsFile 
*          1    00007c00    00000180     UNINITIALIZED
                  00007c00    00000180     F2837xD_GlobalVariableDefs.obj (GpioCtrlRegsFile)

GpioDataRegsFile 
*          1    00007f00    00000030     UNINITIALIZED
                  00007f00    00000030     F2837xD_GlobalVariableDefs.obj (GpioDataRegsFile)

IpcRegsFile 
*          1    00050000    00000024     UNINITIALIZED
                  00050000    00000024     F2837xD_GlobalVariableDefs.obj (IpcRegsFile)

FlashPumpSemaphoreRegsFile 
*          1    00050024    00000002     UNINITIALIZED
                  00050024    00000002     F2837xD_GlobalVariableDefs.obj (FlashPumpSemaphoreRegsFile)

RomPrefetchRegsFile 
*          1    0005e608    00000002     UNINITIALIZED
                  0005e608    00000002     F2837xD_GlobalVariableDefs.obj (RomPrefetchRegsFile)

DcsmZ1RegsFile 
*          1    0005f000    00000022     UNINITIALIZED
                  0005f000    00000022     F2837xD_GlobalVariableDefs.obj (DcsmZ1RegsFile)

DcsmZ2RegsFile 
*          1    0005f040    00000022     UNINITIALIZED
                  0005f040    00000022     F2837xD_GlobalVariableDefs.obj (DcsmZ2RegsFile)

DcsmCommonRegsFile 
*          1    0005f070    00000006     UNINITIALIZED
                  0005f070    00000006     F2837xD_GlobalVariableDefs.obj (DcsmCommonRegsFile)

DmaRegsFile 
*          1    00001000    000000e0     UNINITIALIZED
                  00001000    000000e0     F2837xD_GlobalVariableDefs.obj (DmaRegsFile)

DmaClaSrcSelRegsFile 
*          1    00007980    0000001a     UNINITIALIZED
                  00007980    0000001a     F2837xD_GlobalVariableDefs.obj (DmaClaSrcSelRegsFile)

Emif1RegsFile 
*          1    00047000    00000028     UNINITIALIZED
                  00047000    00000028     F2837xD_GlobalVariableDefs.obj (Emif1RegsFile)

Emif2RegsFile 
*          1    00047800    00000028     UNINITIALIZED
                  00047800    00000028     F2837xD_GlobalVariableDefs.obj (Emif2RegsFile)

MemCfgRegsFile 
*          1    0005f400    00000076     UNINITIALIZED
                  0005f400    00000076     F2837xD_GlobalVariableDefs.obj (MemCfgRegsFile)

Emif1ConfigRegsFile 
*          1    0005f480    0000000a     UNINITIALIZED
                  0005f480    0000000a     F2837xD_GlobalVariableDefs.obj (Emif1ConfigRegsFile)

Emif2ConfigRegsFile 
*          1    0005f4a0    0000000a     UNINITIALIZED
                  0005f4a0    0000000a     F2837xD_GlobalVariableDefs.obj (Emif2ConfigRegsFile)

AccessProtectionRegsFile 
*          1    0005f4c0    0000002e     UNINITIALIZED
                  0005f4c0    0000002e     F2837xD_GlobalVariableDefs.obj (AccessProtectionRegsFile)

MemoryErrorRegsFile 
*          1    0005f500    0000003a     UNINITIALIZED
                  0005f500    0000003a     F2837xD_GlobalVariableDefs.obj (MemoryErrorRegsFile)

RomWaitStateRegsFile 
*          1    0005f540    00000002     UNINITIALIZED
                  0005f540    00000002     F2837xD_GlobalVariableDefs.obj (RomWaitStateRegsFile)

Flash0CtrlRegsFile 
*          1    0005f800    00000182     UNINITIALIZED
                  0005f800    00000182     F2837xD_GlobalVariableDefs.obj (Flash0CtrlRegsFile)

Flash0EccRegsFile 
*          1    0005fb00    00000028     UNINITIALIZED
                  0005fb00    00000028     F2837xD_GlobalVariableDefs.obj (Flash0EccRegsFile)

DevCfgRegsFile 
*          1    0005d000    0000012e     UNINITIALIZED
                  0005d000    0000012e     F2837xD_GlobalVariableDefs.obj (DevCfgRegsFile)

ClkCfgRegsFile 
*          1    0005d200    00000032     UNINITIALIZED
                  0005d200    00000032     F2837xD_GlobalVariableDefs.obj (ClkCfgRegsFile)

CpuSysRegsFile 
*          1    0005d300    00000082     UNINITIALIZED
                  0005d300    00000082     F2837xD_GlobalVariableDefs.obj (CpuSysRegsFile)

UidRegsFile 
*          1    000703c0    00000010     UNINITIALIZED
                  000703c0    00000010     F2837xD_GlobalVariableDefs.obj (UidRegsFile)

.pinit     0    00080004    00000000     UNINITIALIZED

ramfuncs   0    00080004    0000006c     RUN ADDR = 00008000
                  00080004    00000043     rtiostream_serial_c28x.obj (ramfuncs:retain)
                  00080047    00000029     datamodify_xcp.obj (ramfuncs)

.TI.ramfunc 
*          0    00084118    0000003f     RUN ADDR = 0000806c
                  00084118    00000037     F2837xD_SysCtrl.obj (.TI.ramfunc)
                  0008414f    00000004     F2837xD_usDelay.obj (.TI.ramfunc)
                  00084153    00000004     sysctl.obj (.TI.ramfunc)

.econst    0    00084158    0000025e     
                  00084158    000001c0     F2837xD_PieVect.obj (.econst:_PieVectTableInit)
                  00084318    0000004e     xcp_daq.obj (.econst:_daqSupportedRxPacket)
                  00084366    0000002a     xcp_standard.obj (.econst:_standardSupportedRxPacket)
                  00084390    00000010     rt_zcfcn.obj (.econst:_eventMatrix$1)
                  000843a0    0000000c     xcp_calibration.obj (.econst:_calibrationSupportedRxPacket)
                  000843ac    00000005     part4_implement_starter.obj (.econst:.string)
                  000843b1    00000001     --HOLE-- [fill = 0]
                  000843b2    00000004     part4_implement_starter.obj (.econst)

.stack     1    00000122    00000400     UNINITIALIZED
                  00000122    00000400     --HOLE--

.reset     0    003fffc0    00000002     DSECT
                  003fffc0    00000002     rts2800_fpu32.lib : boot28.asm.obj (.reset)

GETBUFFER 
*          0    0003f800    00000000     DSECT

GETWRITEIDX 
*          0    0003f800    00000000     DSECT

PUTREADIDX 
*          0    0003f800    00000000     DSECT

WRITEFLAG1CPU2 
*          0    0003f800    00000000     DSECT

WRITEFLAG2CPU2 
*          0    0003f800    00000000     DSECT

READFLAG1CPU2 
*          0    0003f800    00000000     DSECT

READFLAG2CPU2 
*          0    0003f800    00000000     DSECT

.ebss      1    0000e000    000002cc     UNINITIALIZED
                  0000e000    000000de     part4_implement_starter.obj (.ebss)
                  0000e0de    00000022     xcp_ext_common.obj (.ebss)
                  0000e100    00000083     xcp_mem_default.obj (.ebss:_xcpMemReservedPoolsChunk)
                  0000e183    00000001     MW_c28xGPIO.obj (.ebss)
                  0000e184    0000001c     xcp_ext_classic_trigger.obj (.ebss)
                  0000e1a0    00000018     F2837xD_CpuTimers.obj (.ebss)
                  0000e1b8    00000008     xcp.obj (.ebss:_groupPacketLookup)
                  0000e1c0    00000048     part4_implement_starter_data.obj (.ebss)
                  0000e208    00000018     xcp_daq.obj (.ebss)
                  0000e220    0000000e     part4_implement_starter.obj (.ebss:_systemRan$3)
                  0000e22e    0000000c     xcp_mem_default.obj (.ebss:_xcpMemPoolDescriptors)
                  0000e23a    00000006     rts2800_fpu32.lib : exit.c.obj (.ebss)
                  0000e240    00000042     datamodify_xcp.obj (.ebss)
                  0000e282    00000008     xcp_transport.obj (.ebss:_txFifo)
                  0000e28a    00000008     c2837xDBoard_Realtime_Support.obj (.ebss)
                  0000e292    00000008     xcp_standard.obj (.ebss)
                  0000e29a    00000005     xcp.obj (.ebss)
                  0000e29f    00000005     xcp_frame_serial.obj (.ebss)
                  0000e2a4    00000004     xcp_transport.obj (.ebss:_rxFifo)
                  0000e2a8    00000004     xcp_ext_common.obj (.ebss:_xcpCurrentSimulationTimeInTicks)
                  0000e2ac    00000004     xcp_ext_mode.obj (.ebss:_xcpCustomTriggerFunction)
                  0000e2b0    00000004     xcp_mem_default.obj (.ebss:_xcpMemCustomPoolDescriptors)
                  0000e2b4    00000004     ert_main.obj (.ebss)
                  0000e2b8    00000004     xcp_mem_default.obj (.ebss)
                  0000e2bc    00000004     xcp_transport.obj (.ebss)
                  0000e2c0    00000002     rts2800_fpu32.lib : _lock.c.obj (.ebss:__lock)
                  0000e2c2    00000002                       : _lock.c.obj (.ebss:__unlock)
                  0000e2c4    00000002     rtiostream_serial_c28x.obj (.ebss)
                  0000e2c6    00000002     xcp_calibration.obj (.ebss)
                  0000e2c8    00000002     xcp_drv_rtiostream.obj (.ebss)
                  0000e2ca    00000001     MW_c28xGlobalInterrupts.obj (.ebss)
                  0000e2cb    00000001     xcp_mem_default.obj (.ebss:_xcpMemMainChunk)

MODULE SUMMARY

       Module                              code    initialized data   uninitialized data
       ------                              ----    ----------------   ------------------
    <current directory>
       F2837xD_GlobalVariableDefs.obj      0       0                  9870              
       xcp_daq.obj                         3114    108                24                
       part4_implement_starter.obj         1180    9                  236               
       F2837xD_DefaultISR.obj              1413    0                  0                 
       F2837xD_SysCtrl.obj                 1304    0                  0                 
       xcp_mem_default.obj                 873     0                  152               
       xcp.obj                             957     52                 13                
       c2837xDBoard_Realtime_Support.obj   907     79                 8                 
       xcp_transport.obj                   746     8                  16                
       F2837xD_Ipc_Driver_Lite.obj         730     0                  0                 
       xcp_standard.obj                    554     57                 8                 
       F2837xD_Gpio.obj                    580     0                  0                 
       xcp_frame_serial.obj                530     20                 5                 
       xcp_ext_classic_trigger.obj         431     91                 28                
       xcp_ext_common.obj                  407     88                 38                
       F2837xD_PieVect.obj                 38      448                0                 
       rtiostream_serial_c28x.obj          471     5                  2                 
       xcp_ext_mode.obj                    367     0                  4                 
       xcp_drv_rtiostream.obj              360     8                  2                 
       datamodify_xcp.obj                  267     0                  66                
       xcp_calibration.obj                 212     17                 2                 
       ert_main.obj                        186     8                  4                 
       c2837xDSchedulerTimer0.obj          179     0                  0                 
       MW_c28xx_board.obj                  170     0                  0                 
       MW_c28xx_qep.obj                    156     0                  0                 
       F2837xD_CpuTimers.obj               124     0                  24                
       part4_implement_starter_data.obj    0       75                 72                
       rt_zcfcn.obj                        94      16                 0                 
       xcp_fifo.obj                        95      0                  0                 
       MW_c28xGPIO.obj                     49      4                  1                 
       F2837xD_PieCtrl.obj                 40      0                  0                 
       MW_c28xx_pwm.obj                    40      0                  0                 
       xcp_ext_param_default_serial.obj    31      0                  0                 
       MW_c28xGlobalInterrupts.obj         18      4                  1                 
       F2837xD_CodeStartBranch.obj         10      0                  0                 
       F2837xD_usDelay.obj                 8       0                  0                 
       sysctl.obj                          8       0                  0                 
       memcpy_fast.obj                     7       0                  0                 
    +--+-----------------------------------+-------+------------------+--------------------+
       Total:                              16656   1097               10576             
                                                                                        
    C:/PROGRA~3/MATLAB/tic2000/3P778C~1.INS/TIC28X~1.INS/TI-CGT~1.LTS/lib/rts2800_fpu32.lib
       boot28.asm.obj                      86      0                  0                 
       exit.c.obj                          41      14                 6                 
       cpy_tbl.c.obj                       36      0                  0                 
       memcpy.c.obj                        29      0                  0                 
       _lock.c.obj                         9       10                 4                 
       args_main.c.obj                     18      0                  0                 
       u_div28.asm.obj                     11      0                  0                 
       memset.c.obj                        7       0                  0                 
       pre_init.c.obj                      2       0                  0                 
       startup.c.obj                       1       0                  0                 
    +--+-----------------------------------+-------+------------------+--------------------+
       Total:                              240     24                 10                
                                                                                        
       Stack:                              0       0                  1024              
    +--+-----------------------------------+-------+------------------+--------------------+
       Grand Total:                        16896   1121               11610             


GLOBAL DATA SYMBOLS: SORTED BY DATA PAGE

address     data page           name
--------    ----------------    ----
00000122       4 (00000100)     __stack

00000b00      2c (00000b00)     _AdcaResultRegs
00000b20      2c (00000b00)     _AdcbResultRegs

00000b40      2d (00000b40)     _AdccResultRegs
00000b60      2d (00000b40)     _AdcdResultRegs

00000c00      30 (00000c00)     _CpuTimer0Regs
00000c08      30 (00000c00)     _CpuTimer1Regs
00000c10      30 (00000c00)     _CpuTimer2Regs

00000ce0      33 (00000cc0)     _PieCtrlRegs

00000d00      34 (00000d00)     _PieVectTable

00001000      40 (00001000)     _DmaRegs

00001400      50 (00001400)     _Cla1Regs

00003000      c0 (00003000)     _Clb1LogicCfgRegs

00003100      c4 (00003100)     _Clb1LogicCtrlRegs

00003200      c8 (00003200)     _Clb1DataExchRegs

00003400      d0 (00003400)     _Clb2LogicCfgRegs

00003500      d4 (00003500)     _Clb2LogicCtrlRegs

00003600      d8 (00003600)     _Clb2DataExchRegs

00003800      e0 (00003800)     _Clb3LogicCfgRegs

00003900      e4 (00003900)     _Clb3LogicCtrlRegs

00003a00      e8 (00003a00)     _Clb3DataExchRegs

00003c00      f0 (00003c00)     _Clb4LogicCfgRegs

00003d00      f4 (00003d00)     _Clb4LogicCtrlRegs

00003e00      f8 (00003e00)     _Clb4DataExchRegs

00004000     100 (00004000)     _EPwm1Regs

00004100     104 (00004100)     _EPwm2Regs

00004200     108 (00004200)     _EPwm3Regs

00004300     10c (00004300)     _EPwm4Regs

00004400     110 (00004400)     _EPwm5Regs

00004500     114 (00004500)     _EPwm6Regs

00004600     118 (00004600)     _EPwm7Regs

00004700     11c (00004700)     _EPwm8Regs

00004800     120 (00004800)     _EPwm9Regs

00004900     124 (00004900)     _EPwm10Regs

00004a00     128 (00004a00)     _EPwm11Regs

00004b00     12c (00004b00)     _EPwm12Regs

00005000     140 (00005000)     _ECap1Regs
00005020     140 (00005000)     _ECap2Regs

00005040     141 (00005040)     _ECap3Regs
00005060     141 (00005040)     _ECap4Regs

00005080     142 (00005080)     _ECap5Regs
000050a0     142 (00005080)     _ECap6Regs

00005100     144 (00005100)     _EQep1Regs

00005140     145 (00005140)     _EQep2Regs

00005180     146 (00005180)     _EQep3Regs

00005c00     170 (00005c00)     _DacaRegs
00005c10     170 (00005c00)     _DacbRegs
00005c20     170 (00005c00)     _DaccRegs

00005c80     172 (00005c80)     _Cmpss1Regs
00005ca0     172 (00005c80)     _Cmpss2Regs

00005cc0     173 (00005cc0)     _Cmpss3Regs
00005ce0     173 (00005cc0)     _Cmpss4Regs

00005d00     174 (00005d00)     _Cmpss5Regs
00005d20     174 (00005d00)     _Cmpss6Regs

00005d40     175 (00005d40)     _Cmpss7Regs
00005d60     175 (00005d40)     _Cmpss8Regs

00005e00     178 (00005e00)     _Sdfm1Regs

00005e80     17a (00005e80)     _Sdfm2Regs

00006000     180 (00006000)     _McbspaRegs

00006040     181 (00006040)     _McbspbRegs

00006100     184 (00006100)     _SpiaRegs
00006110     184 (00006100)     _SpibRegs
00006120     184 (00006100)     _SpicRegs

00006200     188 (00006200)     _UppRegs

00007000     1c0 (00007000)     _WdRegs

00007060     1c1 (00007040)     _NmiIntruptRegs
00007070     1c1 (00007040)     _XintRegs

00007200     1c8 (00007200)     _SciaRegs
00007210     1c8 (00007200)     _ScibRegs
00007220     1c8 (00007200)     _ScicRegs
00007230     1c8 (00007200)     _ScidRegs

00007300     1cc (00007300)     _I2caRegs

00007340     1cd (00007340)     _I2cbRegs

00007400     1d0 (00007400)     _AdcaRegs

00007480     1d2 (00007480)     _AdcbRegs

00007500     1d4 (00007500)     _AdccRegs

00007580     1d6 (00007580)     _AdcdRegs

00007900     1e4 (00007900)     _InputXbarRegs
00007920     1e4 (00007900)     _XbarRegs

00007940     1e5 (00007940)     _SyncSocRegs

00007980     1e6 (00007980)     _DmaClaSrcSelRegs

00007a00     1e8 (00007a00)     _EPwmXbarRegs

00007a40     1e9 (00007a40)     _ClbXbarRegs

00007a80     1ea (00007a80)     _OutputXbarRegs

00007c00     1f0 (00007c00)     _GpioCtrlRegs

00007f00     1fc (00007f00)     _GpioDataRegs

0000e000     380 (0000e000)     _part4_implement_starter_PrevZCX
0000e001     380 (0000e000)     _part4_implement_starter_XDis
0000e004     380 (0000e000)     _part4_implement_starter_X
0000e008     380 (0000e000)     _part4_implement_starter_DW
0000e01a     380 (0000e000)     _part4_implement_starter_B

0000e0de     383 (0000e0c0)     _xcpModelStartRequest
0000e0df     383 (0000e0c0)     _xcpModelStopRequest
0000e0e0     383 (0000e0c0)     _xcpModelStatus
0000e0e1     383 (0000e0c0)     _xcpExtmodeSimulationComplete
0000e0e4     383 (0000e0c0)     _xcpModelChecksum0
0000e0e6     383 (0000e0c0)     _xcpModelChecksum1
0000e0e8     383 (0000e0c0)     _xcpModelChecksum2
0000e0ea     383 (0000e0c0)     _xcpModelChecksum3
0000e0ec     383 (0000e0c0)     _xcpModelIntegerCode
0000e0ee     383 (0000e0c0)     _xcpExtmodeFinalSimulationTime
0000e0f0     383 (0000e0c0)     _xcpDummyDoubleVariable
0000e0fc     383 (0000e0c0)     _xcpDummyUint64Variable

0000e183     386 (0000e180)     _GPIO_oneTimeInit
0000e184     386 (0000e180)     _xcpClassicTriggerEventId
0000e185     386 (0000e180)     _xcpClassicTriggerSignalAddressExtension
0000e186     386 (0000e180)     _xcpClassicTriggerDirection
0000e187     386 (0000e180)     _xcpClassicTriggerArmRequest
0000e188     386 (0000e180)     _xcpClassicTriggerCancelRequest
0000e189     386 (0000e180)     _xcpClassicTriggerSource
0000e18a     386 (0000e180)     _xcpClassicTriggerMode
0000e18b     386 (0000e180)     _xcpClassicTriggerStatus
0000e192     386 (0000e180)     _xcpClassicTriggerSignalAddress
0000e194     386 (0000e180)     _xcpClassicTriggerLevel
0000e196     386 (0000e180)     _xcpClassicTriggerDuration
0000e198     386 (0000e180)     _xcpClassicTriggerHoldOff
0000e19a     386 (0000e180)     _xcpClassicTriggerDelay
0000e1a0     386 (0000e180)     _CpuTimer0
0000e1a8     386 (0000e180)     _CpuTimer1
0000e1b0     386 (0000e180)     _CpuTimer2

0000e1c0     387 (0000e1c0)     _part4_implement_starter_P

0000e23a     388 (0000e200)     ___TI_enable_exit_profile_output
0000e23c     388 (0000e200)     ___TI_cleanup_ptr
0000e23e     388 (0000e200)     ___TI_dtors_ptr

0000e240     389 (0000e240)     _queRx

0000e28a     38a (0000e280)     _ErrorFlag
0000e28c     38a (0000e280)     _CIPC0_INT_fptr
0000e28e     38a (0000e280)     _mwInitStart
0000e290     38a (0000e280)     _mwInitEnd
0000e2a8     38a (0000e280)     _xcpCurrentSimulationTimeInTicks
0000e2b4     38a (0000e280)     _IsrOverrun
0000e2b6     38a (0000e280)     _stopRequested
0000e2b7     38a (0000e280)     _runModel

0000e2c0     38b (0000e2c0)     __lock
0000e2c2     38b (0000e2c0)     __unlock
0000e2c4     38b (0000e2c0)     _MW_SCI_PTR
0000e2ca     38b (0000e2c0)     _MW_InterruptDisableLock

00047000    11c0 (00047000)     _Emif1Regs

00047800    11e0 (00047800)     _Emif2Regs

00048000    1200 (00048000)     _CanaRegs

0004a000    1280 (0004a000)     _CanbRegs

00050000    1400 (00050000)     _IpcRegs
00050024    1400 (00050000)     _FlashPumpSemaphoreRegs

0005d000    1740 (0005d000)     _DevCfgRegs

0005d180    1746 (0005d180)     _AnalogSubsysRegs

0005d200    1748 (0005d200)     _ClkCfgRegs

0005d300    174c (0005d300)     _CpuSysRegs

0005e608    1798 (0005e600)     _RomPrefetchRegs

0005f000    17c0 (0005f000)     _DcsmZ1Regs

0005f040    17c1 (0005f040)     _DcsmZ2Regs
0005f070    17c1 (0005f040)     _DcsmCommonRegs

0005f400    17d0 (0005f400)     _MemCfgRegs

0005f480    17d2 (0005f480)     _Emif1ConfigRegs
0005f4a0    17d2 (0005f480)     _Emif2ConfigRegs

0005f4c0    17d3 (0005f4c0)     _AccessProtectionRegs

0005f500    17d4 (0005f500)     _MemoryErrorRegs

0005f540    17d5 (0005f540)     _RomWaitStateRegs

0005f800    17e0 (0005f800)     _Flash0CtrlRegs

0005fb00    17ec (0005fb00)     _Flash0EccRegs

000703c0    1c0f (000703c0)     _UidRegs

00084158    2105 (00084140)     _PieVectTableInit

000843b4    210e (00084380)     _part4_implement_starter_M


GLOBAL SYMBOLS: SORTED ALPHABETICALLY BY Name 

page  address   name                                            
----  -------   ----                                            
0     00080070  .text                                           
0     00083fc8  C$$EXIT                                         
0     000840eb  U$$DIV                                          
0     000840f0  U$$MOD                                          
0     00080d58  _ADCA1_ISR                                      
0     00080fd8  _ADCA2_ISR                                      
0     00080fe2  _ADCA3_ISR                                      
0     00080fec  _ADCA4_ISR                                      
0     00080fce  _ADCA_EVT_ISR                                   
0     00080d62  _ADCB1_ISR                                      
0     00081000  _ADCB2_ISR                                      
0     0008100a  _ADCB3_ISR                                      
0     00081014  _ADCB4_ISR                                      
0     00080ff6  _ADCB_EVT_ISR                                   
0     00080d6c  _ADCC1_ISR                                      
0     00081168  _ADCC2_ISR                                      
0     00081172  _ADCC3_ISR                                      
0     0008117c  _ADCC4_ISR                                      
0     0008115e  _ADCC_EVT_ISR                                   
0     00080d8a  _ADCD1_ISR                                      
0     00081190  _ADCD2_ISR                                      
0     0008119a  _ADCD3_ISR                                      
0     000811a4  _ADCD4_ISR                                      
0     00081186  _ADCD_EVT_ISR                                   
0     000811e0  _AUX_PLL_SLIP_ISR                               
1     0005f4c0  _AccessProtectionRegs                           
1     00007400  _AdcaRegs                                       
1     00000b00  _AdcaResultRegs                                 
1     00007480  _AdcbRegs                                       
1     00000b20  _AdcbResultRegs                                 
1     00007500  _AdccRegs                                       
1     00000b40  _AdccResultRegs                                 
1     00007580  _AdcdRegs                                       
1     00000b60  _AdcdResultRegs                                 
1     0005d180  _AnalogSubsysRegs                               
0     00081658  _AuxAuxClkSel                                   
0     00081642  _AuxIntOsc2Sel                                  
0     0008164c  _AuxXtalOscSel                                  
0     00083b9f  _BytePacker16bits                               
0     00083b79  _BytePacker32bits                               
0     00083b56  _BytePackerInplace32bits                        
0     00080fa6  _CANA0_ISR                                      
0     00080fb0  _CANA1_ISR                                      
0     00080fba  _CANB0_ISR                                      
0     00080fc4  _CANB1_ISR                                      
1     0000e28c  _CIPC0_INT_fptr                                 
0     0008101e  _CLA1_1_ISR                                     
0     00081028  _CLA1_2_ISR                                     
0     00081032  _CLA1_3_ISR                                     
0     0008103c  _CLA1_4_ISR                                     
0     00081046  _CLA1_5_ISR                                     
0     00081050  _CLA1_6_ISR                                     
0     0008105a  _CLA1_7_ISR                                     
0     00081064  _CLA1_8_ISR                                     
0     000811ea  _CLA_OVERFLOW_ISR                               
0     000811f4  _CLA_UNDERFLOW_ISR                              
0     000838d8  _CPU02toCPU01IPC0IntHandler                     
1     00048000  _CanaRegs                                       
1     0004a000  _CanbRegs                                       
1     00001400  _Cla1Regs                                       
1     00003200  _Clb1DataExchRegs                               
1     00003000  _Clb1LogicCfgRegs                               
1     00003100  _Clb1LogicCtrlRegs                              
1     00003600  _Clb2DataExchRegs                               
1     00003400  _Clb2LogicCfgRegs                               
1     00003500  _Clb2LogicCtrlRegs                              
1     00003a00  _Clb3DataExchRegs                               
1     00003800  _Clb3LogicCfgRegs                               
1     00003900  _Clb3LogicCtrlRegs                              
1     00003e00  _Clb4DataExchRegs                               
1     00003c00  _Clb4LogicCfgRegs                               
1     00003d00  _Clb4LogicCtrlRegs                              
1     00007a40  _ClbXbarRegs                                    
1     0005d200  _ClkCfgRegs                                     
1     00005c80  _Cmpss1Regs                                     
1     00005ca0  _Cmpss2Regs                                     
1     00005cc0  _Cmpss3Regs                                     
1     00005ce0  _Cmpss4Regs                                     
1     00005d00  _Cmpss5Regs                                     
1     00005d20  _Cmpss6Regs                                     
1     00005d40  _Cmpss7Regs                                     
1     00005d60  _Cmpss8Regs                                     
0     00083d96  _ConfigCpuTimer                                 
0     000816ac  _ConfigureTMXAnalogTrim                         
1     0005d300  _CpuSysRegs                                     
1     0000e1a0  _CpuTimer0                                      
1     00000c00  _CpuTimer0Regs                                  
1     0000e1a8  _CpuTimer1                                      
1     00000c08  _CpuTimer1Regs                                  
1     0000e1b0  _CpuTimer2                                      
1     00000c10  _CpuTimer2Regs                                  
0     000815ed  _CsmUnlock                                      
0     00080cae  _DATALOG_ISR                                    
0     00080ef2  _DMA_CH1_ISR                                    
0     00080efc  _DMA_CH2_ISR                                    
0     00080f06  _DMA_CH3_ISR                                    
0     00080f10  _DMA_CH4_ISR                                    
0     00080f1a  _DMA_CH5_ISR                                    
0     00080f24  _DMA_CH6_ISR                                    
1     00005c00  _DacaRegs                                       
1     00005c10  _DacbRegs                                       
1     00005c20  _DaccRegs                                       
1     0005f070  _DcsmCommonRegs                                 
1     0005f000  _DcsmZ1Regs                                     
1     0005f040  _DcsmZ2Regs                                     
0     00082848  _DelayLoop                                      
1     0005d000  _DevCfgRegs                                     
0     00081302  _DisableDog                                     
0     000812c3  _DisablePeripheralClocks                        
1     00007980  _DmaClaSrcSelRegs                               
1     00001000  _DmaRegs                                        
0     00080e48  _ECAP1_ISR                                      
0     00080e52  _ECAP2_ISR                                      
0     00080e5c  _ECAP3_ISR                                      
0     00080e66  _ECAP4_ISR                                      
0     00080e70  _ECAP5_ISR                                      
0     00080e7a  _ECAP6_ISR                                      
1     00005000  _ECap1Regs                                      
1     00005020  _ECap2Regs                                      
1     00005040  _ECap3Regs                                      
1     00005060  _ECap4Regs                                      
1     00005080  _ECap5Regs                                      
1     000050a0  _ECap6Regs                                      
0     000811ae  _EMIF_ERROR_ISR                                 
0     00081208  _EMPTY_ISR                                      
0     00080cc2  _EMU_ISR                                        
0     00081104  _EPWM10_ISR                                     
0     000810dc  _EPWM10_TZ_ISR                                  
0     0008110e  _EPWM11_ISR                                     
0     000810e6  _EPWM11_TZ_ISR                                  
0     00081118  _EPWM12_ISR                                     
0     000810f0  _EPWM12_TZ_ISR                                  
0     00080df8  _EPWM1_ISR                                      
0     00080da8  _EPWM1_TZ_ISR                                   
0     00080e02  _EPWM2_ISR                                      
0     00080db2  _EPWM2_TZ_ISR                                   
0     00080e0c  _EPWM3_ISR                                      
0     00080dbc  _EPWM3_TZ_ISR                                   
0     00080e16  _EPWM4_ISR                                      
0     00080dc6  _EPWM4_TZ_ISR                                   
0     00080e20  _EPWM5_ISR                                      
0     00080dd0  _EPWM5_TZ_ISR                                   
0     00080e2a  _EPWM6_ISR                                      
0     00080dda  _EPWM6_TZ_ISR                                   
0     00080e34  _EPWM7_ISR                                      
0     00080de4  _EPWM7_TZ_ISR                                   
0     00080e3e  _EPWM8_ISR                                      
0     00080dee  _EPWM8_TZ_ISR                                   
0     000810fa  _EPWM9_ISR                                      
0     000810d2  _EPWM9_TZ_ISR                                   
1     00004900  _EPwm10Regs                                     
1     00004a00  _EPwm11Regs                                     
1     00004b00  _EPwm12Regs                                     
1     00004000  _EPwm1Regs                                      
1     00004100  _EPwm2Regs                                      
1     00004200  _EPwm3Regs                                      
1     00004300  _EPwm4Regs                                      
1     00004400  _EPwm5Regs                                      
1     00004500  _EPwm6Regs                                      
1     00004600  _EPwm7Regs                                      
1     00004700  _EPwm8Regs                                      
1     00004800  _EPwm9Regs                                      
1     00007a00  _EPwmXbarRegs                                   
0     00080e84  _EQEP1_ISR                                      
0     00080e8e  _EQEP2_ISR                                      
0     00080e98  _EQEP3_ISR                                      
1     00005100  _EQep1Regs                                      
1     00005140  _EQep2Regs                                      
1     00005180  _EQep3Regs                                      
1     0005f480  _Emif1ConfigRegs                                
1     00047000  _Emif1Regs                                      
1     0005f4a0  _Emif2ConfigRegs                                
1     00047800  _Emif2Regs                                      
0     00084010  _EnableInterrupts                               
1     0000e28a  _ErrorFlag                                      
0     000080a3  _F28x_usDelay                                   
0     000811c2  _FLASH_CORRECTABLE_ERROR_ISR                    
0     00081096  _FPU_OVERFLOW_ISR                               
0     000810a0  _FPU_UNDERFLOW_ISR                              
1     0005f800  _Flash0CtrlRegs                                 
1     0005fb00  _Flash0EccRegs                                  
0     00008095  _FlashOff                                       
1     00050024  _FlashPumpSemaphoreRegs                         
0     00082ce3  _GPIO_EnableUnbondedIOPullups                   
0     00082cbe  _GPIO_EnableUnbondedIOPullupsFor100Pin          
0     00082ca5  _GPIO_EnableUnbondedIOPullupsFor176Pin          
0     00082cf9  _GPIO_ReadPin                                   
0     00082c4a  _GPIO_SetupLock                                 
0     00082b2a  _GPIO_SetupPinMux                               
0     00082bb6  _GPIO_SetupPinOptions                           
0     00082c73  _GPIO_SetupXINT1Gpio                            
0     00082c7d  _GPIO_SetupXINT2Gpio                            
0     00082c87  _GPIO_SetupXINT3Gpio                            
0     00082c91  _GPIO_SetupXINT4Gpio                            
0     00082c9b  _GPIO_SetupXINT5Gpio                            
0     00083fa2  _GPIO_TogglePin                                 
0     00082d10  _GPIO_WritePin                                  
1     0000e183  _GPIO_oneTimeInit                               
1     00007c00  _GpioCtrlRegs                                   
1     00007f00  _GpioDataRegs                                   
0     00081676  _HALT                                           
0     0008168f  _HIB                                            
0     00080f38  _I2CA_FIFO_ISR                                  
0     00080f2e  _I2CA_ISR                                       
0     00080f4c  _I2CB_FIFO_ISR                                  
0     00080f42  _I2CB_ISR                                       
1     00007300  _I2caRegs                                       
1     00007340  _I2cbRegs                                       
0     00081662  _IDLE                                           
0     00080cd6  _ILLEGAL_ISR                                    
0     000810aa  _IPC0_ISR                                       
0     000810b4  _IPC1_ISR                                       
0     000810be  _IPC2_ISR                                       
0     000810c8  _IPC3_ISR                                       
0     00082607  _IPCLiteLtoRClearBits                           
0     00082631  _IPCLiteLtoRClearBits_Protected                 
0     00082590  _IPCLiteLtoRDataRead                            
0     0008265b  _IPCLiteLtoRDataWrite                           
0     00082680  _IPCLiteLtoRDataWrite_Protected                 
0     000826a5  _IPCLiteLtoRFunctionCall                        
0     00082575  _IPCLiteLtoRGetResult                           
0     000825b3  _IPCLiteLtoRSetBits                             
0     000825dd  _IPCLiteLtoRSetBits_Protected                   
0     000826c1  _IPCLiteReqMemAccess                            
0     0008276b  _IPCLiteRtoLClearBits                           
0     0008279b  _IPCLiteRtoLClearBits_Protected                 
0     000826e5  _IPCLiteRtoLDataRead                            
0     000827ce  _IPCLiteRtoLDataWrite                           
0     000827fb  _IPCLiteRtoLDataWrite_Protected                 
0     0008282b  _IPCLiteRtoLFunctionCall                        
0     0008270c  _IPCLiteRtoLSetBits                             
0     0008273a  _IPCLiteRtoLSetBits_Protected                   
0     000814fe  _InitAuxPll                                     
0     00083d55  _InitCpuTimers                                  
0     0000806c  _InitFlash                                      
0     00082aea  _InitGpio                                       
0     0008123f  _InitPeripheralClocks                           
0     00083ff1  _InitPieCtrl                                    
0     00084041  _InitPieVectTable                               
0     0008121f  _InitSysCtrl                                    
0     00081310  _InitSysPll                                     
1     00007900  _InputXbarRegs                                  
1     00050000  _IpcRegs                                        
1     0000e2b4  _IsrOverrun                                     
0     00080eca  _MCBSPA_RX_ISR                                  
0     00080ed4  _MCBSPA_TX_ISR                                  
0     00080ede  _MCBSPB_RX_ISR                                  
0     00080ee8  _MCBSPB_TX_ISR                                  
1     0000e2ca  _MW_InterruptDisableLock                        
0     00084157  _MW_RamfuncsLoadEnd                             
abs   0000003f  _MW_RamfuncsLoadSize                            
0     00084118  _MW_RamfuncsLoadStart                           
0     000080ab  _MW_RamfuncsRunEnd                              
abs   0000003f  _MW_RamfuncsRunSize                             
0     0000806c  _MW_RamfuncsRunStart                            
1     0000e2c4  _MW_SCI_PTR                                     
1     00006000  _McbspaRegs                                     
1     00006040  _McbspbRegs                                     
1     0005f400  _MemCfgRegs                                     
1     0005f500  _MemoryErrorRegs                                
0     00080ccc  _NMI_ISR                                        
0     00081215  _NOTUSED_ISR                                    
1     00007060  _NmiIntruptRegs                                 
0     00083f97  _OneTimeGpioInit                                
1     00007a80  _OutputXbarRegs                                 
0     000811fe  _PIE_RESERVED_ISR                               
1     00000ce0  _PieCtrlRegs                                    
1     00000d00  _PieVectTable                                   
0     00084158  _PieVectTableInit                               
0     000811cc  _RAM_ACCESS_VIOLATION_ISR                       
0     000811b8  _RAM_CORRECTABLE_ERROR_ISR                      
0     00080cb8  _RTOS_ISR                                       
0     00080070  _RamfuncsLoadEnd                                
abs   0000006c  _RamfuncsLoadSize                               
0     00080004  _RamfuncsLoadStart                              
0     0000806c  _RamfuncsRunEnd                                 
abs   0000006c  _RamfuncsRunSize                                
0     00008000  _RamfuncsRunStart                               
0     000812ea  _ReleaseFlashPump                               
1     0005e608  _RomPrefetchRegs                                
1     0005f540  _RomWaitStateRegs                               
0     00080f7e  _SCIA_RX_ISR                                    
0     00080f88  _SCIA_TX_ISR                                    
0     00080f92  _SCIB_RX_ISR                                    
0     00080f9c  _SCIB_TX_ISR                                    
0     00080f56  _SCIC_RX_ISR                                    
0     00080f60  _SCIC_TX_ISR                                    
0     00080f6a  _SCID_RX_ISR                                    
0     00080f74  _SCID_TX_ISR                                    
0     00008000  _SCIRXINT_isr                                   
0     00081122  _SD1_ISR                                        
0     0008112c  _SD2_ISR                                        
0     00080ea2  _SPIA_RX_ISR                                    
0     00080eac  _SPIA_TX_ISR                                    
0     00080eb6  _SPIB_RX_ISR                                    
0     00080ec0  _SPIB_TX_ISR                                    
0     00081136  _SPIC_RX_ISR                                    
0     00081140  _SPIC_TX_ISR                                    
0     0008166b  _STANDBY                                        
0     000811d6  _SYS_PLL_SLIP_ISR                               
1     00007200  _SciaRegs                                       
1     00007210  _ScibRegs                                       
1     00007220  _ScicRegs                                       
1     00007230  _ScidRegs                                       
1     00005e00  _Sdfm1Regs                                      
1     00005e80  _Sdfm2Regs                                      
0     000812db  _SeizeFlashPump                                 
0     000812f4  _ServiceDog                                     
0     00083fba  _Set_GPIOPin                                    
1     00006100  _SpiaRegs                                       
1     00006110  _SpibRegs                                       
1     00006120  _SpicRegs                                       
1     00007940  _SyncSocRegs                                    
0     000080a7  _SysCtl_delay                                   
0     0008160e  _SysIntOsc1Sel                                  
0     0008161e  _SysIntOsc2Sel                                  
0     00081632  _SysXtalOscSel                                  
0     00080d94  _TIMER0_ISR                                     
0     00080c9a  _TIMER1_ISR                                     
0     00080ca4  _TIMER2_ISR                                     
0     00083f53  _TINT0_isr                                      
0     0008114a  _UPPA_ISR                                       
0     00081154  _USBA_ISR                                       
0     00080d3a  _USER10_ISR                                     
0     00080d44  _USER11_ISR                                     
0     00080d4e  _USER12_ISR                                     
0     00080ce0  _USER1_ISR                                      
0     00080cea  _USER2_ISR                                      
0     00080cf4  _USER3_ISR                                      
0     00080cfe  _USER4_ISR                                      
0     00080d08  _USER5_ISR                                      
0     00080d12  _USER6_ISR                                      
0     00080d1c  _USER7_ISR                                      
0     00080d26  _USER8_ISR                                      
0     00080d30  _USER9_ISR                                      
1     000703c0  _UidRegs                                        
1     00006200  _UppRegs                                        
0     0008108c  _VCU_ISR                                        
0     00080d9e  _WAKE_ISR                                       
1     00007000  _WdRegs                                         
0     00080d76  _XINT1_ISR                                      
0     00080d80  _XINT2_ISR                                      
0     0008106e  _XINT3_ISR                                      
0     00081078  _XINT4_ISR                                      
0     00081082  _XINT5_ISR                                      
1     00007920  _XbarRegs                                       
1     00007070  _XintRegs                                       
1     00000522  __STACK_END                                     
abs   00000400  __STACK_SIZE                                    
1     0000e23c  ___TI_cleanup_ptr                               
1     0000e23e  ___TI_dtors_ptr                                 
1     0000e23a  ___TI_enable_exit_profile_output                
abs   ffffffff  ___TI_pprof_out_hndl                            
abs   ffffffff  ___TI_prof_data_size                            
abs   ffffffff  ___TI_prof_data_start                           
abs   ffffffff  ___binit__                                      
abs   ffffffff  ___c_args__                                     
0     000843b8  ___cinit__                                      
0     00084118  ___etext__                                      
abs   ffffffff  ___pinit__                                      
0     00080070  ___text__                                       
0     000840d9  __args_main                                     
1     0000e2c0  __lock                                          
0     000840fe  __nop                                           
0     000840fa  __register_lock                                 
0     000840f6  __register_unlock                               
1     00000122  __stack                                         
0     00084117  __system_post_cinit                             
0     00084115  __system_pre_init                               
1     0000e2c2  __unlock                                        
0     00083fc8  _abort                                          
0     00083be8  _addElement                                     
0     0008284f  _c2000_flash_init                               
0     00083efd  _c_int00                                        
0     00083cb9  _config_QEP_eQEP1                               
0     00083d07  _config_QEP_eQEP2                               
0     00084033  _config_ePWMSyncSource                          
0     00084019  _config_ePWM_GPIO                               
0     0008402b  _config_ePWM_TBSync                             
0     00083dd1  _configureTimer0                                
0     00084067  _copy_in                                        
0     00008043  _deleteElement                                  
0     00083e1d  _disableTimer0Interrupt                         
0     00083e13  _enableTimer0Interrupt                          
0     000837dd  _enable_interrupts_sci                          
0     00083fca  _exit                                           
0     000835ab  _extmodeBackgroundRun                           
0     00083564  _extmodeEvent                                   
0     000835f1  _extmodeGetEventTriggerEnable                   
0     000835d4  _extmodeGetFinalSimulationTime                  
0     000834b7  _extmodeInit                                    
0     000834b0  _extmodeParseArgs                               
0     000835b3  _extmodeReset                                   
0     0008360b  _extmodeSetEventTriggerEnable                   
0     000835e9  _extmodeSetFinalSimulationTime                  
0     000835d0  _extmodeSimulationComplete                      
0     000835cc  _extmodeStartRequested                          
0     000835c8  _extmodeStopRequested                           
0     00083511  _extmodeWaitForHostRequest                      
0     00081c8c  _genericOutputPacketHandler                     
0     000840d1  _globalInterruptDisable                         
0     000840c7  _globalInterruptEnable                          
0     00083bc2  _initQue                                        
0     00082868  _initSetGPIOIPC                                 
0     00083c0f  _init_board                                     
0     000837ec  _init_sci_rtiostream                            
0     00083bcf  _isEmpty                                        
0     00083bdb  _isFull                                         
0     00083ab0  _main                                           
0     000840aa  _memcpy                                         
0     00084107  _memcpy_fast                                    
0     0008410e  _memset                                         
1     0000e290  _mwInitEnd                                      
1     0000e28e  _mwInitStart                                    
1     0000e01a  _part4_implement_starter_B                      
[...]
0     00082f41  _xcpStandardGetMta                              
0     00082f4d  _xcpStandardIncrementMta                        
0     00082f56  _xcpStandardExtendedInit                        
0     00082f57  _xcpStandardExtendedReset                       
0     00082f62  _xcpSxiChecksum                                 
0     00082f7d  _xcpFrameInit                                   
0     00082f97  _xcpFrameMsgSend                                
0     00083016  _xcpFrameMsgRecv                                
0     0008309f  _xcpFrameCreateMsg                              
0     000830cd  _xcpFrameExtractPacket                          
0     0008313d  _xcpFrameHeaderSize                             
0     0008313f  _xcpFrameTailSize                               
0     00083141  _xcpFrameMaxDtoSize                             
0     00083145  _xcpFrameMaxCtoSize                             
0     00083147  _xcpFrameRestart                                
0     0008314e  _xcpFrameSetCtoReservedMemPoolId                
0     00083155  _xcpFrameReset                                  
0     00083292  _xcpExtModeClassicTriggerInit                   
0     000832a1  _xcpExtModeClassicTriggerEnabled                
0     000832e2  _xcpExtModeClassicTriggerReset                  
0     00083302  _xcpExtModeClassicTriggerForceEnableStatusUpdate
0     00083319  _xcp_void_printf                                
0     000833b5  _xcpExtModeUpdateTime                           
0     000833bc  _xcpExtModeGetUpdatedTimestamp                  
0     000833c3  _xcpGetTimestamp                                
0     000833da  _xcpExtModeGetSimulationTime                    
0     000833e1  _xcpExtModeInit                                 
0     0008340c  _xcpExtModeRunBackground                        
0     0008346a  _xcpExtModeReset                                
0     000834b0  _extmodeParseArgs                               
0     000834b7  _extmodeInit                                    
0     00083511  _extmodeWaitForHostRequest                      
0     00083564  _extmodeEvent                                   
0     000835ab  _extmodeBackgroundRun                           
0     000835b3  _extmodeReset                                   
0     000835c8  _extmodeStopRequested                           
0     000835cc  _extmodeStartRequested                          
0     000835d0  _extmodeSimulationComplete                      
0     000835d4  _extmodeGetFinalSimulationTime                  
0     000835e9  _extmodeSetFinalSimulationTime                  
0     000835f1  _extmodeGetEventTriggerEnable                   
0     0008360b  _extmodeSetEventTriggerEnable                   
0     0008361f  _xcpDrvOpen                                     
0     00083639  _xcpDrvIoctl                                    
0     0008364d  _xcpDrvSend                                     
0     000836bb  _xcpDrvRecv                                     
0     00083729  _xcpDrvRecvUnknownSize                          
0     0008376c  _xcpDrvClose                                    
0     00083787  _rtIOStreamOpen                                 
0     000837a5  _rtIOStreamClose                                
0     000837ab  _rtIOStreamSend                                 
0     000837b9  _rtIOStreamSend8Bits                            
0     000837c7  _rtIOStreamRecv                                 
0     000837dd  _enable_interrupts_sci                          
0     000837ec  _init_sci_rtiostream                            
0     00083875  _sci_rcv                                        
0     000838b3  _sci_xmit_external_mode                         
0     000838d8  _CPU02toCPU01IPC0IntHandler                     
0     00083a8a  _xcpCalibrationInit                             
0     00083a8f  _xcpCalibrationGetPacketLookup                  
0     00083a93  _xcpCalibrationSetPacketLookup                  
0     00083a9b  _xcpCalibrationReset                            
0     00083a9c  _rt_OneStep                                     
0     00083ab0  _main                                           
0     00083b56  _BytePackerInplace32bits                        
0     00083b79  _BytePacker32bits                               
0     00083b9f  _BytePacker16bits                               
0     00083bc2  _initQue                                        
0     00083bcf  _isEmpty                                        
0     00083bdb  _isFull                                         
0     00083be8  _addElement                                     
0     00083c0f  _init_board                                     
0     00083cb9  _config_QEP_eQEP1                               
0     00083d07  _config_QEP_eQEP2                               
0     00083d55  _InitCpuTimers                                  
0     00083d96  _ConfigCpuTimer                                 
0     00083dd1  _configureTimer0                                
0     00083e0e  _stopTimer0                                     
0     00083e13  _enableTimer0Interrupt                          
0     00083e1d  _disableTimer0Interrupt                         
0     00083e35  _restoreTimer0Interrupt                         
0     00083e40  _xcpFifoInit                                    
0     00083e49  _xcpFifoEnqueue                                 
0     00083e58  _xcpFifoDequeue                                 
0     00083e6b  _xcpFifoEnqueueHead                             
0     00083e7a  _xcpFifoSpliceHead                              
0     00083e90  _xcpFifoEmpty                                   
0     00083e99  _xcpFifoReset                                   
0     00083e9f  _rt_ZCFcn                                       
0     00083efd  _c_int00                                        
0     00083f53  _TINT0_isr                                      
0     00083f97  _OneTimeGpioInit                                
0     00083fa2  _GPIO_TogglePin                                 
0     00083fba  _Set_GPIOPin                                    
0     00083fc8  C$$EXIT                                         
0     00083fc8  _abort                                          
0     00083fca  _exit                                           
0     00083ff1  _InitPieCtrl                                    
0     00084010  _EnableInterrupts                               
0     00084019  _config_ePWM_GPIO                               
0     0008402b  _config_ePWM_TBSync                             
0     00084033  _config_ePWMSyncSource                          
0     00084041  _InitPieVectTable                               
0     00084067  _copy_in                                        
0     0008408b  _xcpExtModeParseArgs                            
0     00084090  _xcpTransportGetInitParameters                  
0     0008409d  _xcpGetInitParameters                           
0     000840aa  _memcpy                                         
0     000840c7  _globalInterruptEnable                          
0     000840d1  _globalInterruptDisable                         
0     000840d9  __args_main                                     
0     000840eb  U$$DIV                                          
0     000840f0  U$$MOD                                          
0     000840f6  __register_unlock                               
0     000840fa  __register_lock                                 
0     000840fe  __nop                                           
0     00084107  _memcpy_fast                                    
0     0008410e  _memset                                         
0     00084115  __system_pre_init                               
0     00084117  __system_post_cinit                             
0     00084118  _MW_RamfuncsLoadStart                           
0     00084118  ___etext__                                      
0     00084118  etext                                           
0     00084157  _MW_RamfuncsLoadEnd                             
0     00084158  _PieVectTableInit                               
0     000843b4  _part4_implement_starter_M                      
0     000843b8  ___cinit__                                      
0     000843b8  cinit                                           
1     00000122  __stack                                         
1     00000522  __STACK_END                                     
1     00000b00  _AdcaResultRegs                                 
1     00000b20  _AdcbResultRegs                                 
1     00000b40  _AdccResultRegs                                 
1     00000b60  _AdcdResultRegs                                 
1     00000c00  _CpuTimer0Regs                                  
1     00000c08  _CpuTimer1Regs                                  
1     00000c10  _CpuTimer2Regs                                  
1     00000ce0  _PieCtrlRegs                                    
1     00000d00  _PieVectTable                                   
1     00001000  _DmaRegs                                        
1     00001400  _Cla1Regs                                       
1     00003000  _Clb1LogicCfgRegs                               
1     00003100  _Clb1LogicCtrlRegs                              
1     00003200  _Clb1DataExchRegs                               
1     00003400  _Clb2LogicCfgRegs                               
1     00003500  _Clb2LogicCtrlRegs                              
1     00003600  _Clb2DataExchRegs                               
1     00003800  _Clb3LogicCfgRegs                               
1     00003900  _Clb3LogicCtrlRegs                              
1     00003a00  _Clb3DataExchRegs                               
1     00003c00  _Clb4LogicCfgRegs                               
1     00003d00  _Clb4LogicCtrlRegs                              
1     00003e00  _Clb4DataExchRegs                               
1     00004000  _EPwm1Regs                                      
1     00004100  _EPwm2Regs                                      
1     00004200  _EPwm3Regs                                      
1     00004300  _EPwm4Regs                                      
1     00004400  _EPwm5Regs                                      
1     00004500  _EPwm6Regs                                      
1     00004600  _EPwm7Regs                                      
1     00004700  _EPwm8Regs                                      
1     00004800  _EPwm9Regs                                      
1     00004900  _EPwm10Regs                                     
1     00004a00  _EPwm11Regs                                     
1     00004b00  _EPwm12Regs                                     
1     00005000  _ECap1Regs                                      
1     00005020  _ECap2Regs                                      
1     00005040  _ECap3Regs                                      
1     00005060  _ECap4Regs                                      
1     00005080  _ECap5Regs                                      
1     000050a0  _ECap6Regs                                      
1     00005100  _EQep1Regs                                      
1     00005140  _EQep2Regs                                      
1     00005180  _EQep3Regs                                      
1     00005c00  _DacaRegs                                       
1     00005c10  _DacbRegs                                       
1     00005c20  _DaccRegs                                       
1     00005c80  _Cmpss1Regs                                     
1     00005ca0  _Cmpss2Regs                                     
1     00005cc0  _Cmpss3Regs                                     
1     00005ce0  _Cmpss4Regs                                     
1     00005d00  _Cmpss5Regs                                     
1     00005d20  _Cmpss6Regs                                     
1     00005d40  _Cmpss7Regs                                     
1     00005d60  _Cmpss8Regs                                     
1     00005e00  _Sdfm1Regs                                      
1     00005e80  _Sdfm2Regs                                      
1     00006000  _McbspaRegs                                     
1     00006040  _McbspbRegs                                     
1     00006100  _SpiaRegs                                       
1     00006110  _SpibRegs                                       
1     00006120  _SpicRegs                                       
1     00006200  _UppRegs                                        
1     00007000  _WdRegs                                         
1     00007060  _NmiIntruptRegs                                 
1     00007070  _XintRegs                                       
1     00007200  _SciaRegs                                       
1     00007210  _ScibRegs                                       
1     00007220  _ScicRegs                                       
1     00007230  _ScidRegs                                       
1     00007300  _I2caRegs                                       
1     00007340  _I2cbRegs                                       
1     00007400  _AdcaRegs                                       
1     00007480  _AdcbRegs                                       
1     00007500  _AdccRegs                                       
1     00007580  _AdcdRegs                                       
1     00007900  _InputXbarRegs                                  
1     00007920  _XbarRegs                                       
1     00007940  _SyncSocRegs                                    
1     00007980  _DmaClaSrcSelRegs                               
1     00007a00  _EPwmXbarRegs                                   
1     00007a40  _ClbXbarRegs                                    
1     00007a80  _OutputXbarRegs                                 
1     00007c00  _GpioCtrlRegs                                   
1     00007f00  _GpioDataRegs                                   
1     0000e000  _part4_implement_starter_PrevZCX                
1     0000e001  _part4_implement_starter_XDis                   
1     0000e004  _part4_implement_starter_X                      
1     0000e008  _part4_implement_starter_DW                     
1     0000e01a  _part4_implement_starter_B                      
1     0000e0de  _xcpModelStartRequest                           
1     0000e0df  _xcpModelStopRequest                            
1     0000e0e0  _xcpModelStatus                                 
1     0000e0e1  _xcpExtmodeSimulationComplete                   
1     0000e0e4  _xcpModelChecksum0                              
1     0000e0e6  _xcpModelChecksum1                              
1     0000e0e8  _xcpModelChecksum2                              
1     0000e0ea  _xcpModelChecksum3                              
1     0000e0ec  _xcpModelIntegerCode                            
1     0000e0ee  _xcpExtmodeFinalSimulationTime                  
1     0000e0f0  _xcpDummyDoubleVariable                         
1     0000e0fc  _xcpDummyUint64Variable                         
1     0000e183  _GPIO_oneTimeInit                               
1     0000e184  _xcpClassicTriggerEventId                       
1     0000e185  _xcpClassicTriggerSignalAddressExtension        
1     0000e186  _xcpClassicTriggerDirection                     
1     0000e187  _xcpClassicTriggerArmRequest                    
1     0000e188  _xcpClassicTriggerCancelRequest                 
1     0000e189  _xcpClassicTriggerSource                        
1     0000e18a  _xcpClassicTriggerMode                          
1     0000e18b  _xcpClassicTriggerStatus                        
1     0000e192  _xcpClassicTriggerSignalAddress                 
1     0000e194  _xcpClassicTriggerLevel                         
1     0000e196  _xcpClassicTriggerDuration                      
1     0000e198  _xcpClassicTriggerHoldOff                       
1     0000e19a  _xcpClassicTriggerDelay                         
1     0000e1a0  _CpuTimer0                                      
1     0000e1a8  _CpuTimer1                                      
1     0000e1b0  _CpuTimer2                                      
1     0000e1c0  _part4_implement_starter_P                      
1     0000e23a  ___TI_enable_exit_profile_output                
1     0000e23c  ___TI_cleanup_ptr                               
1     0000e23e  ___TI_dtors_ptr                                 
1     0000e240  _queRx                                          
1     0000e28a  _ErrorFlag                                      
1     0000e28c  _CIPC0_INT_fptr                                 
1     0000e28e  _mwInitStart                                    
1     0000e290  _mwInitEnd                                      
1     0000e2a8  _xcpCurrentSimulationTimeInTicks                
1     0000e2b4  _IsrOverrun                                     
1     0000e2b6  _stopRequested                                  
1     0000e2b7  _runModel                                       
1     0000e2c0  __lock                                          
1     0000e2c2  __unlock                                        
1     0000e2c4  _MW_SCI_PTR                                     
1     0000e2ca  _MW_InterruptDisableLock                        
1     00047000  _Emif1Regs                                      
1     00047800  _Emif2Regs                                      
1     00048000  _CanaRegs                                       
1     0004a000  _CanbRegs                                       
1     00050000  _IpcRegs                                        
1     00050024  _FlashPumpSemaphoreRegs                         
1     0005d000  _DevCfgRegs                                     
1     0005d180  _AnalogSubsysRegs                               
1     0005d200  _ClkCfgRegs                                     
1     0005d300  _CpuSysRegs                                     
1     0005e608  _RomPrefetchRegs                                
1     0005f000  _DcsmZ1Regs                                     
1     0005f040  _DcsmZ2Regs                                     
1     0005f070  _DcsmCommonRegs                                 
1     0005f400  _MemCfgRegs                                     
1     0005f480  _Emif1ConfigRegs                                
1     0005f4a0  _Emif2ConfigRegs                                
1     0005f4c0  _AccessProtectionRegs                           
1     0005f500  _MemoryErrorRegs                                
1     0005f540  _RomWaitStateRegs                               
1     0005f800  _Flash0CtrlRegs                                 
1     0005fb00  _Flash0EccRegs                                  
1     000703c0  _UidRegs                                        
abs   0000003f  _MW_RamfuncsLoadSize                            
abs   0000003f  _MW_RamfuncsRunSize                             
abs   0000006c  _RamfuncsLoadSize                               
abs   0000006c  _RamfuncsRunSize                                
abs   00000400  __STACK_SIZE                                    
abs   ffffffff  ___TI_pprof_out_hndl                            
abs   ffffffff  ___TI_prof_data_size                            
abs   ffffffff  ___TI_prof_data_start                           
abs   ffffffff  ___binit__                                      
abs   ffffffff  ___c_args__                                     
abs   ffffffff  ___pinit__                                      
abs   ffffffff  binit                                           
abs   ffffffff  pinit                                           

[593 symbols]
